..\..\OCDC2308_SW\build\tmp\board.o
..\..\OCDC2308_SW\build\tmp\boot.o
..\..\OCDC2308_SW\build\tmp\cache.o
..\..\OCDC2308_SW\build\tmp\can_lld.o
..\..\OCDC2308_SW\build\tmp\can_lld_cfg.o
..\..\OCDC2308_SW\build\tmp\clock.o
..\..\OCDC2308_SW\build\tmp\components.o
..\..\OCDC2308_SW\build\tmp\core0.o
..\..\OCDC2308_SW\build\tmp\core1.o
..\..\OCDC2308_SW\build\tmp\crt0.o
..\..\OCDC2308_SW\build\tmp\eirq.o
..\..\OCDC2308_SW\build\tmp\eirq_cfg.o
..\..\OCDC2308_SW\build\tmp\Et0_Adc.o
..\..\OCDC2308_SW\build\tmp\Et0_Core0App.o
..\..\OCDC2308_SW\build\tmp\Et0_Core0Commu.o
..\..\OCDC2308_SW\build\tmp\Et0_Core0Fault.o
..\..\OCDC2308_SW\build\tmp\Et0_IsrPfc.o
..\..\OCDC2308_SW\build\tmp\Et0_PWM.o
..\..\OCDC2308_SW\build\tmp\Et1_Adc.o
..\..\OCDC2308_SW\build\tmp\Et1_Core1App.o
..\..\OCDC2308_SW\build\tmp\Et1_Core1Commu.o
..\..\OCDC2308_SW\build\tmp\Et1_Core1Fault.o
..\..\OCDC2308_SW\build\tmp\Et1_IsrLLC.o
..\..\OCDC2308_SW\build\tmp\Et1_PWM.o
..\..\OCDC2308_SW\build\tmp\Et2_Adc.o
..\..\OCDC2308_SW\build\tmp\Et2_Core2App.o
..\..\OCDC2308_SW\build\tmp\Et2_CoreCommu.o
..\..\OCDC2308_SW\build\tmp\Et2_FBL.o
..\..\OCDC2308_SW\build\tmp\Et2_HwProct.o
..\..\OCDC2308_SW\build\tmp\Et2_IsrCore2.o
..\..\OCDC2308_SW\build\tmp\Et2_PubFunc.o
..\..\OCDC2308_SW\build\tmp\Et2_PWM.o
..\..\OCDC2308_SW\build\tmp\Et2_SystemWarn.o
..\..\OCDC2308_SW\build\tmp\Et2_Temperature.o
..\..\OCDC2308_SW\build\tmp\gtm.o
..\..\OCDC2308_SW\build\tmp\gtm_aru.o
..\..\OCDC2308_SW\build\tmp\gtm_atom.o
..\..\OCDC2308_SW\build\tmp\gtm_atom_cfg.o
..\..\OCDC2308_SW\build\tmp\gtm_brc.o
..\..\OCDC2308_SW\build\tmp\gtm_cmu.o
..\..\OCDC2308_SW\build\tmp\gtm_dpll.o
..\..\OCDC2308_SW\build\tmp\gtm_dtm.o
..\..\OCDC2308_SW\build\tmp\gtm_icm.o
..\..\OCDC2308_SW\build\tmp\gtm_map.o
..\..\OCDC2308_SW\build\tmp\gtm_mcs.o
..\..\OCDC2308_SW\build\tmp\gtm_psm.o
..\..\OCDC2308_SW\build\tmp\gtm_tbu.o
..\..\OCDC2308_SW\build\tmp\gtm_tim.o
..\..\OCDC2308_SW\build\tmp\gtm_tim_cfg.o
..\..\OCDC2308_SW\build\tmp\gtm_tom.o
..\..\OCDC2308_SW\build\tmp\gtm_tom_cfg.o
..\..\OCDC2308_SW\build\tmp\irq.o
..\..\OCDC2308_SW\build\tmp\irq_cfg.o
..\..\OCDC2308_SW\build\tmp\ivor.o
..\..\OCDC2308_SW\build\tmp\osal.o
..\..\OCDC2308_SW\build\tmp\pal.o
..\..\OCDC2308_SW\build\tmp\pit_lld.o
..\..\OCDC2308_SW\build\tmp\pit_lld_cfg.o
..\..\OCDC2308_SW\build\tmp\saradc_lld.o
..\..\OCDC2308_SW\build\tmp\saradc_lld_cfg.o
..\..\OCDC2308_SW\build\tmp\spc5_edma.o
..\..\OCDC2308_SW\build\tmp\spc5_lld.o
..\..\OCDC2308_SW\build\tmp\swirq.o
..\..\OCDC2308_SW\build\tmp\swirq_cfg.o
..\..\OCDC2308_SW\build\tmp\systimer.o
..\..\OCDC2308_SW\build\tmp\Tja1145t.o
..\..\OCDC2308_SW\build\tmp\vectors.o
